gstin,month,total_sales,total_returns,total_expenses,net_gst_output,net_gst_input,gst_liability,total_transactions,profit_margin,data_quality_score
06ABGCS4796R1ZA,2025-08,310901.85,0.00,6254.00,53490.93,1125.72,52365.21,698,98.0,95.5
